sssssssssssssssssssssssssssssssssssssssssssssssssssssssss............... [  3%]
........................................................................ [  6%]
........................................................................ [  9%]
........................................................................ [ 12%]
........................................................................ [ 16%]
........................................................................ [ 19%]
........................................................................ [ 22%]
........................................................................ [ 25%]
........................................................................ [ 28%]
........................................................................ [ 32%]
........................................................................ [ 35%]
........................................................................ [ 38%]
........................................................................ [ 41%]
........................................................................ [ 44%]
........................................................................ [ 48%]
........................................................................ [ 51%]
........................................................................ [ 54%]
........................................................................ [ 57%]
........................................................................ [ 60%]
........................................................................ [ 64%]
........................................................................ [ 67%]
........................................................................ [ 70%]
........................................................................ [ 73%]
........................................................................ [ 77%]
........................................................................ [ 80%]
........................................................................ [ 83%]
........................................................................ [ 86%]
........................................................................ [ 89%]
