
no tests ran in 0.00s
